// Jest Snapshot v1, https://goo.gl/fbAQLP

exports[`Avatar container atomic component is expected to match the snapshot 1`] = `
<div
  class="sc-bdvvaa kEjUpP"
  data-testid="container"
/>
`;
