// Jest Snapshot v1, https://goo.gl/fbAQLP

exports[`Button atomic component is expected to match the snapshot 1`] = `
<button
  class="sc-bdvvaa kuZsFc"
  data-testid="button"
/>
`;
