// Jest Snapshot v1, https://goo.gl/fbAQLP

exports[`CardTitle component is expected to match the snapshot 1`] = `
<h6
  class="sc-bdvvaa lkGnPW"
  data-testid="testid"
/>
`;
