// Jest Snapshot v1, https://goo.gl/fbAQLP

exports[`CardContainer component is expected to match the snapshot 1`] = `
<div
  class="sc-bdvvaa fSPymo"
  data-testid="testid"
/>
`;
