// Jest Snapshot v1, https://goo.gl/fbAQLP

exports[`CardBody component is expected to match the snapshot 1`] = `
<div
  class="sc-bdvvaa ivgyQo"
  data-testid="testid"
/>
`;
