// Jest Snapshot v1, https://goo.gl/fbAQLP

exports[`CardHeader component is expected to match the snapshot 1`] = `
<div
  class="sc-bdvvaa ktALSj"
  data-testid="testid"
/>
`;
