// Jest Snapshot v1, https://goo.gl/fbAQLP

exports[`HighlightContainer component is expected to match the snapshot 1`] = `
<div
  class="sc-bdvvaa iPgzyR"
  data-testid="testid"
/>
`;
