// Jest Snapshot v1, https://goo.gl/fbAQLP

exports[`HighlightTitle component is expected to match the snapshot 1`] = `
<h3
  class="sc-bdvvaa eouGHb"
  data-testid="testid"
/>
`;
