// Jest Snapshot v1, https://goo.gl/fbAQLP

exports[`ProfileContainer atomic component is expected to match the snapshot 1`] = `
<div
  class="sc-bdvvaa fcGAIO"
  data-testid="profile-container"
/>
`;
