// Jest Snapshot v1, https://goo.gl/fbAQLP

exports[`TopBar atomic component is expected to match the snapshot 1`] = `
<div
  class="sc-bdvvaa jxZMhP"
  data-testid="top-bar"
/>
`;
