// Jest Snapshot v1, https://goo.gl/fbAQLP

exports[`UserLotation atomic component is expected to match the snapshot 1`] = `
<p
  class="sc-bdvvaa sc-gsDJrp wtevO eEkqHm"
>
  lotation
</p>
`;
