// Jest Snapshot v1, https://goo.gl/fbAQLP

exports[`VerticalRule atomic component is expected to match snapshot 1`] = `
<div
  class="sc-bdvvaa beNmra"
  data-testid="v-rule"
/>
`;
